<?xml version="1.0" encoding="UTF-8" standalone="no"?>
<!DOCTYPE log SYSTEM "logger.dtd">
<log>
<record>
  <date>2026-05-26T10:53:01.204761162Z</date>
  <millis>1779792781204</millis>
  <nanos>761162</nanos>
  <sequence>4</sequence>
  <logger>ESPlorer.ESPlorer</logger>
  <level>INFO</level>
  <class>ESPlorer.ESPlorer</class>
  <method>log</method>
  <thread>31</thread>
  <message>LAFcom.sun.java.swing.plaf.motif.MotifLookAndFeel</message>
</record>
<record>
  <date>2026-05-26T10:53:01.206161706Z</date>
  <millis>1779792781206</millis>
  <nanos>161706</nanos>
  <sequence>5</sequence>
  <logger>ESPlorer.ESPlorer</logger>
  <level>INFO</level>
  <class>ESPlorer.ESPlorer</class>
  <method>log</method>
  <thread>31</thread>
  <message>LAFjavax.swing.plaf.nimbus.NimbusLookAndFeel</message>
</record>
<record>
  <date>2026-05-26T10:53:01.208610157Z</date>
  <millis>1779792781208</millis>
  <nanos>610157</nanos>
  <sequence>6</sequence>
  <logger>ESPlorer.ESPlorer</logger>
  <level>INFO</level>
  <class>ESPlorer.ESPlorer</class>
  <method>log</method>
  <thread>31</thread>
  <message>LAFjavax.swing.plaf.metal.MetalLookAndFeel</message>
</record>
<record>
  <date>2026-05-26T10:53:01.209318386Z</date>
  <millis>1779792781209</millis>
  <nanos>318386</nanos>
  <sequence>7</sequence>
  <logger>ESPlorer.ESPlorer</logger>
  <level>INFO</level>
  <class>ESPlorer.ESPlorer</class>
  <method>log</method>
  <thread>31</thread>
  <message>LAFcom.sun.java.swing.plaf.gtk.GTKLookAndFeel</message>
</record>
<record>
  <date>2026-05-26T10:53:01.239570571Z</date>
  <millis>1779792781239</millis>
  <nanos>570571</nanos>
  <sequence>8</sequence>
  <logger>ESPlorer.ESPlorer</logger>
  <level>INFO</level>
  <class>ESPlorer.ESPlorer</class>
  <method>log</method>
  <thread>31</thread>
  <message>Load saved settings: Firmware:NodeMCU</message>
</record>
<record>
  <date>2026-05-26T10:53:01.282493088Z</date>
  <millis>1779792781282</millis>
  <nanos>493088</nanos>
  <sequence>9</sequence>
  <logger>ESPlorer.ESPlorer</logger>
  <level>INFO</level>
  <class>ESPlorer.ESPlorer</class>
  <method>log</method>
  <thread>31</thread>
  <message>Snippets: loading...</message>
</record>
<record>
  <date>2026-05-26T10:53:01.283706847Z</date>
  <millis>1779792781283</millis>
  <nanos>706847</nanos>
  <sequence>10</sequence>
  <logger>ESPlorer.ESPlorer</logger>
  <level>INFO</level>
  <class>ESPlorer.ESPlorer</class>
  <method>log</method>
  <thread>31</thread>
  <message>Snippets load: Success.</message>
</record>
<record>
  <date>2026-05-26T10:53:01.304662756Z</date>
  <millis>1779792781304</millis>
  <nanos>662756</nanos>
  <sequence>11</sequence>
  <logger>ESPlorer.ESPlorer</logger>
  <level>INFO</level>
  <class>ESPlorer.ESPlorer</class>
  <method>log</method>
  <thread>31</thread>
  <message>Set new color theme: Success.</message>
</record>
<record>
  <date>2026-05-26T10:53:01.306201998Z</date>
  <millis>1779792781306</millis>
  <nanos>201998</nanos>
  <sequence>12</sequence>
  <logger>ESPlorer.ESPlorer</logger>
  <level>INFO</level>
  <class>ESPlorer.ESPlorer</class>
  <method>log</method>
  <thread>31</thread>
  <message>Load saved settings: DONE.</message>
</record>
<record>
  <date>2026-05-26T10:53:01.306902410Z</date>
  <millis>1779792781306</millis>
  <nanos>902410</nanos>
  <sequence>13</sequence>
  <logger>ESPlorer.ESPlorer</logger>
  <level>INFO</level>
  <class>ESPlorer.ESPlorer</class>
  <method>log</method>
  <thread>31</thread>
  <message>Snippets: loading...</message>
</record>
<record>
  <date>2026-05-26T10:53:01.307402863Z</date>
  <millis>1779792781307</millis>
  <nanos>402863</nanos>
  <sequence>14</sequence>
  <logger>ESPlorer.ESPlorer</logger>
  <level>INFO</level>
  <class>ESPlorer.ESPlorer</class>
  <method>log</method>
  <thread>31</thread>
  <message>Snippets load: Success.</message>
</record>
<record>
  <date>2026-05-26T10:53:01.647056271Z</date>
  <millis>1779792781647</millis>
  <nanos>56271</nanos>
  <sequence>15</sequence>
  <logger>ESPlorer.ESPlorer</logger>
  <level>INFO</level>
  <class>ESPlorer.ESPlorer</class>
  <method>log</method>
  <thread>31</thread>
  <message>Scan system...</message>
</record>
<record>
  <date>2026-05-26T10:53:01.698719321Z</date>
  <millis>1779792781698</millis>
  <nanos>719321</nanos>
  <sequence>16</sequence>
  <logger>ESPlorer.ESPlorer</logger>
  <level>INFO</level>
  <class>ESPlorer.ESPlorer</class>
  <method>log</method>
  <thread>31</thread>
  <message>found last saved serial port /dev/ttyUSB0</message>
</record>
<record>
  <date>2026-05-26T10:53:01.700184746Z</date>
  <millis>1779792781700</millis>
  <nanos>184746</nanos>
  <sequence>17</sequence>
  <logger>ESPlorer.ESPlorer</logger>
  <level>INFO</level>
  <class>ESPlorer.ESPlorer</class>
  <method>log</method>
  <thread>31</thread>
  <message>Scan done.</message>
</record>
<record>
  <date>2026-05-26T10:53:03.835482205Z</date>
  <millis>1779792783835</millis>
  <nanos>482205</nanos>
  <sequence>18</sequence>
  <logger>ESPlorer.ESPlorer</logger>
  <level>INFO</level>
  <class>ESPlorer.ESPlorer</class>
  <method>log</method>
  <thread>31</thread>
  <message>Serial port /dev/ttyUSB0 save as default.</message>
</record>
<record>
  <date>2026-05-26T10:53:03.836866567Z</date>
  <millis>1779792783836</millis>
  <nanos>866567</nanos>
  <sequence>19</sequence>
  <logger>ESPlorer.ESPlorer</logger>
  <level>INFO</level>
  <class>ESPlorer.ESPlorer</class>
  <method>log</method>
  <thread>31</thread>
  <message>Baud rate 115200 save as default.</message>
</record>
<record>
  <date>2026-05-26T10:53:03.837805869Z</date>
  <millis>1779792783837</millis>
  <nanos>805869</nanos>
  <sequence>20</sequence>
  <logger>ESPlorer.ESPlorer</logger>
  <level>INFO</level>
  <class>ESPlorer.ESPlorer</class>
  <method>log</method>
  <thread>31</thread>
  <message>Try to open port /dev/ttyUSB0, baud 115200, 8N1</message>
</record>
<record>
  <date>2026-05-26T10:53:03.856836225Z</date>
  <millis>1779792783856</millis>
  <nanos>836225</nanos>
  <sequence>21</sequence>
  <logger>ESPlorer.ESPlorer</logger>
  <level>INFO</level>
  <class>ESPlorer.ESPlorer</class>
  <method>log</method>
  <thread>31</thread>
  <message>Open port /dev/ttyUSB0 - Success.</message>
</record>
<record>
  <date>2026-05-26T10:53:06.864944293Z</date>
  <millis>1779792786864</millis>
  <nanos>944293</nanos>
  <sequence>22</sequence>
  <logger>ESPlorer.ESPlorer</logger>
  <level>INFO</level>
  <class>ESPlorer.ESPlorer</class>
  <method>log</method>
  <thread>31</thread>
  <message>sending:&lt;CR&gt;&lt;LF&gt;</message>
</record>
<record>
  <date>2026-05-26T10:53:06.950881766Z</date>
  <millis>1779792786950</millis>
  <nanos>881766</nanos>
  <sequence>23</sequence>
  <logger>ESPlorer.ESPlorer</logger>
  <level>INFO</level>
  <class>ESPlorer.ESPlorer</class>
  <method>log</method>
  <thread>47</thread>
  <message>java.lang.NullPointerException: Cannot invoke "org.fife.ui.rsyntaxtextarea.TokenImpl.setNextToken(org.fife.ui.rsyntaxtextarea.Token)" because "this.currentToken" is null</message>
</record>
<record>
  <date>2026-05-26T10:57:37.850489206Z</date>
  <millis>1779793057850</millis>
  <nanos>489206</nanos>
  <sequence>24</sequence>
  <logger>ESPlorer.ESPlorer</logger>
  <level>INFO</level>
  <class>ESPlorer.ESPlorer</class>
  <method>log</method>
  <thread>31</thread>
  <message>FileManager: Add EventListener: Success.</message>
</record>
<record>
  <date>2026-05-26T10:57:37.855077309Z</date>
  <millis>1779793057855</millis>
  <nanos>77309</nanos>
  <sequence>25</sequence>
  <logger>ESPlorer.ESPlorer</logger>
  <level>INFO</level>
  <class>ESPlorer.ESPlorer</class>
  <method>log</method>
  <thread>31</thread>
  <message>FileManager: Starting...</message>
</record>
<record>
  <date>2026-05-26T10:57:37.885264143Z</date>
  <millis>1779793057885</millis>
  <nanos>264143</nanos>
  <sequence>26</sequence>
  <logger>ESPlorer.ESPlorer</logger>
  <level>INFO</level>
  <class>ESPlorer.ESPlorer</class>
  <method>log</method>
  <thread>31</thread>
  <message>sending: _dir=function() local k,v,l print("~~~File ".."list START~~~") for k,v in pairs(file.list()) do l = string.format("%-15s",k) print(l.." : "..v.." bytes") end print("~~~File ".."list END~~~") end _dir() _dir=nil</message>
</record>
<record>
  <date>2026-05-26T10:57:39.645283382Z</date>
  <millis>1779793059645</millis>
  <nanos>283382</nanos>
  <sequence>27</sequence>
  <logger>ESPlorer.ESPlorer</logger>
  <level>INFO</level>
  <class>ESPlorer.ESPlorer</class>
  <method>log</method>
  <thread>31</thread>
  <message>FileManager: Add EventListener: Success.</message>
</record>
<record>
  <date>2026-05-26T10:57:39.647742106Z</date>
  <millis>1779793059647</millis>
  <nanos>742106</nanos>
  <sequence>28</sequence>
  <logger>ESPlorer.ESPlorer</logger>
  <level>INFO</level>
  <class>ESPlorer.ESPlorer</class>
  <method>log</method>
  <thread>31</thread>
  <message>FileManager: Starting...</message>
</record>
<record>
  <date>2026-05-26T10:57:39.658588918Z</date>
  <millis>1779793059658</millis>
  <nanos>588918</nanos>
  <sequence>29</sequence>
  <logger>ESPlorer.ESPlorer</logger>
  <level>INFO</level>
  <class>ESPlorer.ESPlorer</class>
  <method>log</method>
  <thread>31</thread>
  <message>sending: _dir=function() local k,v,l print("~~~File ".."list START~~~") for k,v in pairs(file.list()) do l = string.format("%-15s",k) print(l.." : "..v.." bytes") end print("~~~File ".."list END~~~") end _dir() _dir=nil</message>
</record>
<record>
  <date>2026-05-26T10:57:40.679317614Z</date>
  <millis>1779793060679</millis>
  <nanos>317614</nanos>
  <sequence>30</sequence>
  <logger>ESPlorer.ESPlorer</logger>
  <level>INFO</level>
  <class>ESPlorer.ESPlorer</class>
  <method>log</method>
  <thread>31</thread>
  <message>sending:r,u,t=file.fsinfo() print("Total : "..t.." bytes\r\nUsed  : "..u.." bytes\r\nRemain: "..r.." bytes\r\n") r=nil u=nil t=nil&lt;CR&gt;&lt;LF&gt;</message>
</record>
<record>
  <date>2026-05-26T10:57:40.887327921Z</date>
  <millis>1779793060887</millis>
  <nanos>327921</nanos>
  <sequence>31</sequence>
  <logger>ESPlorer.ESPlorer</logger>
  <level>INFO</level>
  <class>ESPlorer.ESPlorer</class>
  <method>log</method>
  <thread>31</thread>
  <message>Operation done. Duration = 281138 ms</message>
</record>
<record>
  <date>2026-05-26T10:57:40.888195750Z</date>
  <millis>1779793060888</millis>
  <nanos>195750</nanos>
  <sequence>32</sequence>
  <logger>ESPlorer.ESPlorer</logger>
  <level>INFO</level>
  <class>ESPlorer.ESPlorer</class>
  <method>log</method>
  <thread>31</thread>
  <message>Waiting answer from ESP - Timeout reached. Command aborted.</message>
</record>
<record>
  <date>2026-05-26T10:58:14.435412087Z</date>
  <millis>1779793094435</millis>
  <nanos>412087</nanos>
  <sequence>33</sequence>
  <logger>ESPlorer.ESPlorer</logger>
  <level>INFO</level>
  <class>ESPlorer.ESPlorer</class>
  <method>log</method>
  <thread>31</thread>
  <message>FileManager: Add EventListener: Success.</message>
</record>
<record>
  <date>2026-05-26T10:58:14.439117586Z</date>
  <millis>1779793094439</millis>
  <nanos>117586</nanos>
  <sequence>34</sequence>
  <logger>ESPlorer.ESPlorer</logger>
  <level>INFO</level>
  <class>ESPlorer.ESPlorer</class>
  <method>log</method>
  <thread>31</thread>
  <message>FileManager: Starting...</message>
</record>
<record>
  <date>2026-05-26T10:58:14.457939753Z</date>
  <millis>1779793094457</millis>
  <nanos>939753</nanos>
  <sequence>35</sequence>
  <logger>ESPlorer.ESPlorer</logger>
  <level>INFO</level>
  <class>ESPlorer.ESPlorer</class>
  <method>log</method>
  <thread>31</thread>
  <message>sending: _dir=function() local k,v,l print("~~~File ".."list START~~~") for k,v in pairs(file.list()) do l = string.format("%-15s",k) print(l.." : "..v.." bytes") end print("~~~File ".."list END~~~") end _dir() _dir=nil</message>
</record>
<record>
  <date>2026-05-26T10:58:17.459793668Z</date>
  <millis>1779793097459</millis>
  <nanos>793668</nanos>
  <sequence>36</sequence>
  <logger>ESPlorer.ESPlorer</logger>
  <level>INFO</level>
  <class>ESPlorer.ESPlorer</class>
  <method>log</method>
  <thread>31</thread>
  <message>Operation done. Duration = 317710 ms</message>
</record>
<record>
  <date>2026-05-26T10:58:17.460635901Z</date>
  <millis>1779793097460</millis>
  <nanos>635901</nanos>
  <sequence>37</sequence>
  <logger>ESPlorer.ESPlorer</logger>
  <level>INFO</level>
  <class>ESPlorer.ESPlorer</class>
  <method>log</method>
  <thread>31</thread>
  <message>Waiting answer from ESP - Timeout reached. Command aborted.</message>
</record>
<record>
  <date>2026-05-26T13:24:43.503826367Z</date>
  <millis>1779801883503</millis>
  <nanos>826367</nanos>
  <sequence>38</sequence>
  <logger>ESPlorer.ESPlorer</logger>
  <level>INFO</level>
  <class>ESPlorer.ESPlorer</class>
  <method>log</method>
  <thread>31</thread>
  <message>FileTab cleared: Success.</message>
</record>
<record>
  <date>2026-05-26T13:24:43.543351926Z</date>
  <millis>1779801883543</millis>
  <nanos>351926</nanos>
  <sequence>39</sequence>
  <logger>ESPlorer.ESPlorer</logger>
  <level>INFO</level>
  <class>ESPlorer.ESPlorer</class>
  <method>log</method>
  <thread>31</thread>
  <message>File close: Success.</message>
</record>
</log>
